  Determining projects to restore...
  All projects are up-to-date for restore.
C:\Program Files\dotnet\sdk\10.0.300-preview.0.26177.108\Sdks\Microsoft.NET.Sdk\targets\Microsoft.NET.RuntimeIdentifierInference.targets(383,5): message NETSDK1057: You are using a preview version of .NET. See: https://aka.ms/dotnet-support-policy [D:\Drive\Source\SquadDash-public\SquadDash.Tests\SquadDash.Tests.csproj]
C:\Program Files\dotnet\sdk\10.0.300-preview.0.26177.108\Sdks\Microsoft.NET.Sdk\targets\Microsoft.NET.RuntimeIdentifierInference.targets(383,5): message NETSDK1057: You are using a preview version of .NET. See: https://aka.ms/dotnet-support-policy [D:\Drive\Source\SquadDash-public\VoiceHeuristics\VoiceHeuristics.csproj]
  VoiceHeuristics -> D:\Drive\Source\SquadDash-public\VoiceHeuristics\bin\Debug\net10.0\VoiceHeuristics.dll
  SquadDash.Tests -> D:\Drive\Source\SquadDash-public\SquadDash.Tests\bin\Debug\net10.0-windows\SquadDash.Tests.dll
Test run for D:\Drive\Source\SquadDash-public\SquadDash.Tests\bin\Debug\net10.0-windows\SquadDash.Tests.dll (.NETCoreApp,Version=v10.0)
A total of 1 test files matched the specified pattern.
  Skipped IsEligible_Weekly_RunTodayAtStartOfWeek_ReturnsFalse [1 ms]
  Skipped EnsureSquadDashUniverseFiles_WritesSquadDashMdToBothUniversesAndTemplatesUniverses [8 ms]

Passed!  - Failed:     0, Passed:  2221, Skipped:     0, Total:  2221, Duration: 18 s - SquadDash.Tests.dll (net10.0)
